------------------------------------------------------------
TimeQuest Timing Analyzer Summary
------------------------------------------------------------

Type  : Slow 1200mV 85C Model Setup 'processor:proc|alufn[0]'
Slack : -7.854
TNS   : -115.274

Type  : Slow 1200mV 85C Model Setup 'KEY[1]'
Slack : -7.584
TNS   : -927.362

Type  : Slow 1200mV 85C Model Setup 'processor:proc|\fsmflipflops:current_state_var.fetch'
Slack : -2.753
TNS   : -38.678

Type  : Slow 1200mV 85C Model Setup 'processor:proc|\fsmflipflops:current_state_var.add_2'
Slack : -2.206
TNS   : -5.698

Type  : Slow 1200mV 85C Model Setup 'processor:proc|\fsmflipflops:current_state_var.add_1'
Slack : -0.693
TNS   : -0.693

Type  : Slow 1200mV 85C Model Setup 'SW[17]'
Slack : -0.638
TNS   : -0.907

Type  : Slow 1200mV 85C Model Hold 'processor:proc|\fsmflipflops:current_state_var.add_1'
Slack : -4.155
TNS   : -5.238

Type  : Slow 1200mV 85C Model Hold 'processor:proc|\fsmflipflops:current_state_var.add_2'
Slack : -3.707
TNS   : -4.328

Type  : Slow 1200mV 85C Model Hold 'processor:proc|\fsmflipflops:current_state_var.fetch'
Slack : -2.763
TNS   : -28.615

Type  : Slow 1200mV 85C Model Hold 'KEY[1]'
Slack : -1.381
TNS   : -15.014

Type  : Slow 1200mV 85C Model Hold 'SW[17]'
Slack : -0.235
TNS   : -0.705

Type  : Slow 1200mV 85C Model Hold 'processor:proc|alufn[0]'
Slack : 1.215
TNS   : 0.000

Type  : Slow 1200mV 85C Model Recovery 'SW[17]'
Slack : -0.743
TNS   : -1.039

Type  : Slow 1200mV 85C Model Removal 'SW[17]'
Slack : -0.548
TNS   : -2.059

Type  : Slow 1200mV 85C Model Minimum Pulse Width 'KEY[1]'
Slack : -3.000
TNS   : -271.500

Type  : Slow 1200mV 85C Model Minimum Pulse Width 'SW[17]'
Slack : -3.000
TNS   : -3.000

Type  : Slow 1200mV 85C Model Minimum Pulse Width 'processor:proc|alufn[0]'
Slack : 0.369
TNS   : 0.000

Type  : Slow 1200mV 85C Model Minimum Pulse Width 'processor:proc|\fsmflipflops:current_state_var.add_1'
Slack : 0.404
TNS   : 0.000

Type  : Slow 1200mV 85C Model Minimum Pulse Width 'processor:proc|\fsmflipflops:current_state_var.add_2'
Slack : 0.428
TNS   : 0.000

Type  : Slow 1200mV 85C Model Minimum Pulse Width 'processor:proc|\fsmflipflops:current_state_var.fetch'
Slack : 0.428
TNS   : 0.000

Type  : Slow 1200mV 0C Model Setup 'processor:proc|alufn[0]'
Slack : -6.990
TNS   : -103.667

Type  : Slow 1200mV 0C Model Setup 'KEY[1]'
Slack : -6.782
TNS   : -829.906

Type  : Slow 1200mV 0C Model Setup 'processor:proc|\fsmflipflops:current_state_var.fetch'
Slack : -2.523
TNS   : -35.243

Type  : Slow 1200mV 0C Model Setup 'processor:proc|\fsmflipflops:current_state_var.add_2'
Slack : -1.881
TNS   : -4.963

Type  : Slow 1200mV 0C Model Setup 'processor:proc|\fsmflipflops:current_state_var.add_1'
Slack : -0.583
TNS   : -0.583

Type  : Slow 1200mV 0C Model Setup 'SW[17]'
Slack : -0.545
TNS   : -0.710

Type  : Slow 1200mV 0C Model Hold 'processor:proc|\fsmflipflops:current_state_var.add_1'
Slack : -3.687
TNS   : -4.646

Type  : Slow 1200mV 0C Model Hold 'processor:proc|\fsmflipflops:current_state_var.add_2'
Slack : -3.292
TNS   : -3.815

Type  : Slow 1200mV 0C Model Hold 'processor:proc|\fsmflipflops:current_state_var.fetch'
Slack : -2.447
TNS   : -25.137

Type  : Slow 1200mV 0C Model Hold 'KEY[1]'
Slack : -1.305
TNS   : -14.617

Type  : Slow 1200mV 0C Model Hold 'SW[17]'
Slack : -0.197
TNS   : -0.591

Type  : Slow 1200mV 0C Model Hold 'processor:proc|alufn[0]'
Slack : 1.140
TNS   : 0.000

Type  : Slow 1200mV 0C Model Recovery 'SW[17]'
Slack : -0.779
TNS   : -1.248

Type  : Slow 1200mV 0C Model Removal 'SW[17]'
Slack : -0.533
TNS   : -1.981

Type  : Slow 1200mV 0C Model Minimum Pulse Width 'KEY[1]'
Slack : -3.000
TNS   : -271.500

Type  : Slow 1200mV 0C Model Minimum Pulse Width 'SW[17]'
Slack : -3.000
TNS   : -3.000

Type  : Slow 1200mV 0C Model Minimum Pulse Width 'processor:proc|\fsmflipflops:current_state_var.add_1'
Slack : 0.273
TNS   : 0.000

Type  : Slow 1200mV 0C Model Minimum Pulse Width 'processor:proc|alufn[0]'
Slack : 0.284
TNS   : 0.000

Type  : Slow 1200mV 0C Model Minimum Pulse Width 'processor:proc|\fsmflipflops:current_state_var.add_2'
Slack : 0.315
TNS   : 0.000

Type  : Slow 1200mV 0C Model Minimum Pulse Width 'processor:proc|\fsmflipflops:current_state_var.fetch'
Slack : 0.345
TNS   : 0.000

Type  : Fast 1200mV 0C Model Setup 'processor:proc|alufn[0]'
Slack : -3.516
TNS   : -50.388

Type  : Fast 1200mV 0C Model Setup 'KEY[1]'
Slack : -3.105
TNS   : -357.354

Type  : Fast 1200mV 0C Model Setup 'processor:proc|\fsmflipflops:current_state_var.fetch'
Slack : -1.032
TNS   : -12.079

Type  : Fast 1200mV 0C Model Setup 'processor:proc|\fsmflipflops:current_state_var.add_2'
Slack : -1.003
TNS   : -2.491

Type  : Fast 1200mV 0C Model Setup 'processor:proc|\fsmflipflops:current_state_var.add_1'
Slack : -0.494
TNS   : -0.494

Type  : Fast 1200mV 0C Model Setup 'SW[17]'
Slack : 0.238
TNS   : 0.000

Type  : Fast 1200mV 0C Model Hold 'processor:proc|\fsmflipflops:current_state_var.add_1'
Slack : -2.309
TNS   : -2.309

Type  : Fast 1200mV 0C Model Hold 'processor:proc|\fsmflipflops:current_state_var.add_2'
Slack : -2.052
TNS   : -2.052

Type  : Fast 1200mV 0C Model Hold 'processor:proc|\fsmflipflops:current_state_var.fetch'
Slack : -1.674
TNS   : -18.123

Type  : Fast 1200mV 0C Model Hold 'KEY[1]'
Slack : -1.107
TNS   : -15.573

Type  : Fast 1200mV 0C Model Hold 'SW[17]'
Slack : -0.202
TNS   : -0.676

Type  : Fast 1200mV 0C Model Hold 'processor:proc|alufn[0]'
Slack : 0.663
TNS   : 0.000

Type  : Fast 1200mV 0C Model Recovery 'SW[17]'
Slack : 0.299
TNS   : 0.000

Type  : Fast 1200mV 0C Model Removal 'SW[17]'
Slack : -0.569
TNS   : -2.117

Type  : Fast 1200mV 0C Model Minimum Pulse Width 'KEY[1]'
Slack : -3.000
TNS   : -216.911

Type  : Fast 1200mV 0C Model Minimum Pulse Width 'SW[17]'
Slack : -3.000
TNS   : -3.512

Type  : Fast 1200mV 0C Model Minimum Pulse Width 'processor:proc|\fsmflipflops:current_state_var.add_1'
Slack : 0.320
TNS   : 0.000

Type  : Fast 1200mV 0C Model Minimum Pulse Width 'processor:proc|\fsmflipflops:current_state_var.add_2'
Slack : 0.345
TNS   : 0.000

Type  : Fast 1200mV 0C Model Minimum Pulse Width 'processor:proc|\fsmflipflops:current_state_var.fetch'
Slack : 0.354
TNS   : 0.000

Type  : Fast 1200mV 0C Model Minimum Pulse Width 'processor:proc|alufn[0]'
Slack : 0.398
TNS   : 0.000

------------------------------------------------------------
