------------------------------------------------------------
TimeQuest Timing Analyzer Summary
------------------------------------------------------------

Type  : Slow 1200mV 85C Model Setup 'processor:proc|\fsmflipflops:current_state_var.add_1'
Slack : -5.229
TNS   : -5.229

Type  : Slow 1200mV 85C Model Setup 'processor:proc|\fsmflipflops:current_state_var.fetch'
Slack : -4.472
TNS   : -80.819

Type  : Slow 1200mV 85C Model Setup 'KEY[1]'
Slack : -4.013
TNS   : -448.557

Type  : Slow 1200mV 85C Model Setup 'SW[17]'
Slack : -1.490
TNS   : -5.428

Type  : Slow 1200mV 85C Model Hold 'processor:proc|\fsmflipflops:current_state_var.fetch'
Slack : -1.570
TNS   : -13.636

Type  : Slow 1200mV 85C Model Hold 'KEY[1]'
Slack : -0.243
TNS   : -1.434

Type  : Slow 1200mV 85C Model Hold 'SW[17]'
Slack : 0.922
TNS   : 0.000

Type  : Slow 1200mV 85C Model Hold 'processor:proc|\fsmflipflops:current_state_var.add_1'
Slack : 3.222
TNS   : 0.000

Type  : Slow 1200mV 85C Model Recovery 'SW[17]'
Slack : -0.336
TNS   : -0.693

Type  : Slow 1200mV 85C Model Removal 'SW[17]'
Slack : -0.834
TNS   : -2.951

Type  : Slow 1200mV 85C Model Minimum Pulse Width 'KEY[1]'
Slack : -3.000
TNS   : -225.000

Type  : Slow 1200mV 85C Model Minimum Pulse Width 'SW[17]'
Slack : -3.000
TNS   : -3.000

Type  : Slow 1200mV 85C Model Minimum Pulse Width 'processor:proc|\fsmflipflops:current_state_var.fetch'
Slack : 0.356
TNS   : 0.000

Type  : Slow 1200mV 85C Model Minimum Pulse Width 'processor:proc|\fsmflipflops:current_state_var.add_1'
Slack : 0.425
TNS   : 0.000

Type  : Slow 1200mV 0C Model Setup 'processor:proc|\fsmflipflops:current_state_var.add_1'
Slack : -4.712
TNS   : -4.712

Type  : Slow 1200mV 0C Model Setup 'processor:proc|\fsmflipflops:current_state_var.fetch'
Slack : -4.060
TNS   : -72.984

Type  : Slow 1200mV 0C Model Setup 'KEY[1]'
Slack : -3.580
TNS   : -397.738

Type  : Slow 1200mV 0C Model Setup 'SW[17]'
Slack : -1.262
TNS   : -4.549

Type  : Slow 1200mV 0C Model Hold 'processor:proc|\fsmflipflops:current_state_var.fetch'
Slack : -1.408
TNS   : -11.775

Type  : Slow 1200mV 0C Model Hold 'KEY[1]'
Slack : -0.258
TNS   : -1.610

Type  : Slow 1200mV 0C Model Hold 'SW[17]'
Slack : 0.841
TNS   : 0.000

Type  : Slow 1200mV 0C Model Hold 'processor:proc|\fsmflipflops:current_state_var.add_1'
Slack : 2.972
TNS   : 0.000

Type  : Slow 1200mV 0C Model Recovery 'SW[17]'
Slack : -0.345
TNS   : -0.740

Type  : Slow 1200mV 0C Model Removal 'SW[17]'
Slack : -0.797
TNS   : -2.810

Type  : Slow 1200mV 0C Model Minimum Pulse Width 'KEY[1]'
Slack : -3.000
TNS   : -225.000

Type  : Slow 1200mV 0C Model Minimum Pulse Width 'SW[17]'
Slack : -3.000
TNS   : -3.000

Type  : Slow 1200mV 0C Model Minimum Pulse Width 'processor:proc|\fsmflipflops:current_state_var.fetch'
Slack : 0.308
TNS   : 0.000

Type  : Slow 1200mV 0C Model Minimum Pulse Width 'processor:proc|\fsmflipflops:current_state_var.add_1'
Slack : 0.441
TNS   : 0.000

Type  : Fast 1200mV 0C Model Setup 'processor:proc|\fsmflipflops:current_state_var.add_1'
Slack : -2.908
TNS   : -2.908

Type  : Fast 1200mV 0C Model Setup 'processor:proc|\fsmflipflops:current_state_var.fetch'
Slack : -1.959
TNS   : -34.260

Type  : Fast 1200mV 0C Model Setup 'KEY[1]'
Slack : -1.269
TNS   : -122.541

Type  : Fast 1200mV 0C Model Setup 'SW[17]'
Slack : -0.253
TNS   : -0.763

Type  : Fast 1200mV 0C Model Hold 'processor:proc|\fsmflipflops:current_state_var.fetch'
Slack : -0.935
TNS   : -10.396

Type  : Fast 1200mV 0C Model Hold 'KEY[1]'
Slack : -0.358
TNS   : -3.921

Type  : Fast 1200mV 0C Model Hold 'SW[17]'
Slack : 0.451
TNS   : 0.000

Type  : Fast 1200mV 0C Model Hold 'processor:proc|\fsmflipflops:current_state_var.add_1'
Slack : 2.329
TNS   : 0.000

Type  : Fast 1200mV 0C Model Recovery 'SW[17]'
Slack : 0.507
TNS   : 0.000

Type  : Fast 1200mV 0C Model Removal 'SW[17]'
Slack : -0.728
TNS   : -2.586

Type  : Fast 1200mV 0C Model Minimum Pulse Width 'KEY[1]'
Slack : -3.000
TNS   : -191.968

Type  : Fast 1200mV 0C Model Minimum Pulse Width 'SW[17]'
Slack : -3.000
TNS   : -3.146

Type  : Fast 1200mV 0C Model Minimum Pulse Width 'processor:proc|\fsmflipflops:current_state_var.fetch'
Slack : 0.442
TNS   : 0.000

Type  : Fast 1200mV 0C Model Minimum Pulse Width 'processor:proc|\fsmflipflops:current_state_var.add_1'
Slack : 0.446
TNS   : 0.000

------------------------------------------------------------
