------------------------------------------------------------
TimeQuest Timing Analyzer Summary
------------------------------------------------------------

Type  : Slow 1200mV 85C Model Setup 'CLOCK_50'
Slack : -5.050
TNS   : -158.984

Type  : Slow 1200mV 85C Model Setup 'counter_k_init:minutes|completed_value'
Slack : -3.298
TNS   : -16.424

Type  : Slow 1200mV 85C Model Setup 'counter_k_init:seconds|completed_value'
Slack : -2.929
TNS   : -19.942

Type  : Slow 1200mV 85C Model Setup 'counter_k_init:base_counter|completed_value'
Slack : -2.788
TNS   : -19.354

Type  : Slow 1200mV 85C Model Hold 'counter_k_init:seconds|completed_value'
Slack : -0.718
TNS   : -0.718

Type  : Slow 1200mV 85C Model Hold 'CLOCK_50'
Slack : -0.691
TNS   : -0.691

Type  : Slow 1200mV 85C Model Hold 'counter_k_init:base_counter|completed_value'
Slack : -0.141
TNS   : -0.141

Type  : Slow 1200mV 85C Model Hold 'counter_k_init:minutes|completed_value'
Slack : 0.340
TNS   : 0.000

Type  : Slow 1200mV 85C Model Recovery 'counter_k_init:base_counter|completed_value'
Slack : -0.155
TNS   : -0.894

Type  : Slow 1200mV 85C Model Recovery 'counter_k_init:seconds|completed_value'
Slack : 0.518
TNS   : 0.000

Type  : Slow 1200mV 85C Model Recovery 'CLOCK_50'
Slack : 0.612
TNS   : 0.000

Type  : Slow 1200mV 85C Model Recovery 'counter_k_init:minutes|completed_value'
Slack : 0.699
TNS   : 0.000

Type  : Slow 1200mV 85C Model Removal 'counter_k_init:minutes|completed_value'
Slack : -1.015
TNS   : -5.636

Type  : Slow 1200mV 85C Model Removal 'CLOCK_50'
Slack : -0.758
TNS   : -22.326

Type  : Slow 1200mV 85C Model Removal 'counter_k_init:seconds|completed_value'
Slack : -0.750
TNS   : -4.473

Type  : Slow 1200mV 85C Model Removal 'counter_k_init:base_counter|completed_value'
Slack : -0.180
TNS   : -1.059

Type  : Slow 1200mV 85C Model Minimum Pulse Width 'CLOCK_50'
Slack : -3.000
TNS   : -51.000

Type  : Slow 1200mV 85C Model Minimum Pulse Width 'KEY[0]'
Slack : -3.000
TNS   : -3.000

Type  : Slow 1200mV 85C Model Minimum Pulse Width 'counter_k_init:base_counter|completed_value'
Slack : -1.500
TNS   : -10.500

Type  : Slow 1200mV 85C Model Minimum Pulse Width 'counter_k_init:seconds|completed_value'
Slack : -1.500
TNS   : -10.500

Type  : Slow 1200mV 85C Model Minimum Pulse Width 'counter_k_init:minutes|completed_value'
Slack : -1.500
TNS   : -9.000

Type  : Slow 1200mV 0C Model Setup 'CLOCK_50'
Slack : -4.467
TNS   : -139.817

Type  : Slow 1200mV 0C Model Setup 'counter_k_init:minutes|completed_value'
Slack : -2.903
TNS   : -14.516

Type  : Slow 1200mV 0C Model Setup 'counter_k_init:seconds|completed_value'
Slack : -2.525
TNS   : -17.200

Type  : Slow 1200mV 0C Model Setup 'counter_k_init:base_counter|completed_value'
Slack : -2.409
TNS   : -16.766

Type  : Slow 1200mV 0C Model Hold 'CLOCK_50'
Slack : -0.564
TNS   : -0.564

Type  : Slow 1200mV 0C Model Hold 'counter_k_init:seconds|completed_value'
Slack : -0.563
TNS   : -0.563

Type  : Slow 1200mV 0C Model Hold 'counter_k_init:base_counter|completed_value'
Slack : -0.034
TNS   : -0.034

Type  : Slow 1200mV 0C Model Hold 'counter_k_init:minutes|completed_value'
Slack : 0.327
TNS   : 0.000

Type  : Slow 1200mV 0C Model Recovery 'counter_k_init:base_counter|completed_value'
Slack : -0.063
TNS   : -0.330

Type  : Slow 1200mV 0C Model Recovery 'counter_k_init:seconds|completed_value'
Slack : 0.556
TNS   : 0.000

Type  : Slow 1200mV 0C Model Recovery 'CLOCK_50'
Slack : 0.617
TNS   : 0.000

Type  : Slow 1200mV 0C Model Recovery 'counter_k_init:minutes|completed_value'
Slack : 0.680
TNS   : 0.000

Type  : Slow 1200mV 0C Model Removal 'counter_k_init:minutes|completed_value'
Slack : -0.856
TNS   : -4.708

Type  : Slow 1200mV 0C Model Removal 'CLOCK_50'
Slack : -0.631
TNS   : -18.476

Type  : Slow 1200mV 0C Model Removal 'counter_k_init:seconds|completed_value'
Slack : -0.600
TNS   : -3.573

Type  : Slow 1200mV 0C Model Removal 'counter_k_init:base_counter|completed_value'
Slack : -0.082
TNS   : -0.459

Type  : Slow 1200mV 0C Model Minimum Pulse Width 'CLOCK_50'
Slack : -3.000
TNS   : -51.000

Type  : Slow 1200mV 0C Model Minimum Pulse Width 'KEY[0]'
Slack : -3.000
TNS   : -3.000

Type  : Slow 1200mV 0C Model Minimum Pulse Width 'counter_k_init:base_counter|completed_value'
Slack : -1.500
TNS   : -10.500

Type  : Slow 1200mV 0C Model Minimum Pulse Width 'counter_k_init:seconds|completed_value'
Slack : -1.500
TNS   : -10.500

Type  : Slow 1200mV 0C Model Minimum Pulse Width 'counter_k_init:minutes|completed_value'
Slack : -1.500
TNS   : -9.000

Type  : Fast 1200mV 0C Model Setup 'CLOCK_50'
Slack : -1.941
TNS   : -61.225

Type  : Fast 1200mV 0C Model Setup 'counter_k_init:base_counter|completed_value'
Slack : -1.195
TNS   : -8.312

Type  : Fast 1200mV 0C Model Setup 'counter_k_init:minutes|completed_value'
Slack : -1.046
TNS   : -5.128

Type  : Fast 1200mV 0C Model Setup 'counter_k_init:seconds|completed_value'
Slack : -0.909
TNS   : -6.088

Type  : Fast 1200mV 0C Model Hold 'counter_k_init:seconds|completed_value'
Slack : -0.551
TNS   : -0.842

Type  : Fast 1200mV 0C Model Hold 'CLOCK_50'
Slack : -0.541
TNS   : -0.541

Type  : Fast 1200mV 0C Model Hold 'counter_k_init:base_counter|completed_value'
Slack : -0.205
TNS   : -0.205

Type  : Fast 1200mV 0C Model Hold 'counter_k_init:minutes|completed_value'
Slack : -0.034
TNS   : -0.049

Type  : Fast 1200mV 0C Model Recovery 'counter_k_init:base_counter|completed_value'
Slack : -0.237
TNS   : -1.389

Type  : Fast 1200mV 0C Model Recovery 'counter_k_init:seconds|completed_value'
Slack : 0.186
TNS   : 0.000

Type  : Fast 1200mV 0C Model Recovery 'CLOCK_50'
Slack : 0.291
TNS   : 0.000

Type  : Fast 1200mV 0C Model Recovery 'counter_k_init:minutes|completed_value'
Slack : 0.309
TNS   : 0.000

Type  : Fast 1200mV 0C Model Removal 'counter_k_init:minutes|completed_value'
Slack : -0.654
TNS   : -3.724

Type  : Fast 1200mV 0C Model Removal 'CLOCK_50'
Slack : -0.567
TNS   : -17.122

Type  : Fast 1200mV 0C Model Removal 'counter_k_init:seconds|completed_value'
Slack : -0.556
TNS   : -3.315

Type  : Fast 1200mV 0C Model Removal 'counter_k_init:base_counter|completed_value'
Slack : -0.219
TNS   : -1.287

Type  : Fast 1200mV 0C Model Minimum Pulse Width 'CLOCK_50'
Slack : -3.000
TNS   : -35.352

Type  : Fast 1200mV 0C Model Minimum Pulse Width 'KEY[0]'
Slack : -3.000
TNS   : -4.219

Type  : Fast 1200mV 0C Model Minimum Pulse Width 'counter_k_init:base_counter|completed_value'
Slack : -1.000
TNS   : -7.000

Type  : Fast 1200mV 0C Model Minimum Pulse Width 'counter_k_init:seconds|completed_value'
Slack : -1.000
TNS   : -7.000

Type  : Fast 1200mV 0C Model Minimum Pulse Width 'counter_k_init:minutes|completed_value'
Slack : -1.000
TNS   : -6.000

------------------------------------------------------------
